// Jest Snapshot v1, https://goo.gl/fbAQLP

exports[`renders correctly 1`] = `
<View
  collapsable={true}
  pointerEvents="box-none"
  style={
    Object {
      "flex": 1,
    }
  }
>
  <RCTSafeAreaView
    emulateUnlessSupported={true}
    style={
      Object {
        "backgroundColor": "#4051DB",
        "flexBasis": 0,
        "flexGrow": 0,
        "flexShrink": 1,
      }
    }
  />
  <RCTSafeAreaView
    emulateUnlessSupported={true}
    style={
      Object {
        "backgroundColor": "#F7F8FF",
        "flexBasis": 0,
        "flexGrow": 1,
        "flexShrink": 1,
      }
    }
  >
    <View
      style={
        Object {
          "backgroundColor": "#4051DB",
          "borderBottomColor": "#5061E6",
          "borderBottomWidth": 1,
          "flexDirection": "row",
        }
      }
    >
      <View
        accessible={true}
        focusable={true}
        isTVSelectable={true}
        style={
          Object {
            "alignItems": "center",
            "height": 55,
            "justifyContent": "center",
            "opacity": 1,
            "width": 60,
            "zIndex": 1,
          }
        }
      >
        <SvgXml
          style={
            Object {
              "height": 18,
              "width": 18,
            }
          }
          xml="<?xml version=\\"1.0\\" encoding=\\"UTF-8\\"?>
<svg width=\\"25\\" height=\\"25\\" viewBox=\\"0 0 25 25\\" fill=\\"none\\" xmlns=\\"http://www.w3.org/2000/svg\\" xmlns:xlink=\\"http://www.w3.org/1999/xlink\\">
<rect width=\\"25\\" height=\\"25\\" fill=\\"url(#pattern0)\\"/>
<defs>
<pattern id=\\"pattern0\\" patternContentUnits=\\"objectBoundingBox\\" width=\\"1\\" height=\\"1\\">
<use xlink:href=\\"#image0\\" transform=\\"scale(0.00333333)\\"/>
</pattern>
<image id=\\"image0\\" width=\\"300\\" height=\\"300\\" xlink:href=\\"data:image/png;base64,iVBORw0KGgoAAAANSUhEUgAAASwAAAEsCAYAAAB5fY51AAAAAXNSR0IArs4c6QAAAERlWElmTU0AKgAAAAgAAYdpAAQAAAABAAAAGgAAAAAAA6ABAAMAAAABAAEAAKACAAQAAAABAAABLKADAAQAAAABAAABLAAAAADYYILnAAAlH0lEQVR4Ae2dfXxU1ZnHz7kzIUElJJOAlJbduujWXbvdWu221o/Iq+/IaoWqqJCZlGpbLChkJt3tlr5mJoQFirUFMwkvRZRUWnwtL0q27rq1Hy0urVu3JaurbcpbZhIIkGRm7tnnRm0/1BDuzNy5c865v/wjmTnnOb/n+9w8nnvuuedhDD8gAAIgAAIgAAIgAAIgAAIgAAIgAAIgAAIgAAIgAAIgAAIgAAIgAAIgAAIgAAIgAAIgAAIgAAIgAAIgAAIgAAIgAAIgAAIgAAIgAAIgAAIgAAIgAAIgAAIgAAIgAAIgAAIgAAIgAAIgAAIgAAIgAAIgAAIgAAIgAAIgAAIgAAIgAAIgAAIgAAIgAAIgAAIgAAIgAAIgAAIg4BYB7tZAGAcEVCUwb+nBiSX+EZOEyT7MOZvIOKsQjI/kTJxkgnULwTqYwfaZ/eZzrf9a9ZaqfqqgGwlLhShBo+sE7lxyYGypv/RzjPPbafAL7QsQr5gmazl2LNXa9uDYXvv90NIOASQsO5TQxjMEbo90V5YxsYxzvoD+OMpydZxmXV00A2vY/7NXVre3T0nnagf9TiWAhHUqD/zmYQLBSPImg/F1dMtX7RQGwcQ+nhJ3NjcF9jll08t2DC87D99B4B0CPBROrjA43+ZksrJsc8Y/wvz8Z7XhxB2gnT8BzLDyZwgLChO4ZMFLJR8NnL+JFtM/U2g3BGNL4w0VTYUeR2f7SFg6Rxe+DUvg2oW/LR1/dnUbrVfNHLahg1+apri3JVa5xkGTnjKFhOWpcMPZdwnMXvzWyPKyUdvpD2DGu5+59F9TmOaN8VjgKZfG02oYJCytwgln7BAI1h0eZfj8T9AK05V22jveRrAjfX2pj/xg1Zg/OG5bc4NYdNc8wHDvVAKzw4nRhlGys2jJypJDTyHLykpWnKoMv9khgBmWHUpoowWBu+p/V1Uizt5Fa1YXy+CQyKQ/EW+s/rkMWlTRgBmWKpGCzrwI1H7p4Lkl7Ox2WZLVoDOGry4vpzzYGTMsDwbday7ftfjI+0eU+p+jW7G/lsl32g2f4Sf739+8+tyDMumSWQtmWDJHB9ryJnDnku7zRpT5npctWVmO0d4vnxhZ8um8nfSQASQsDwXba67OX3roghEl4t8oNZwnre+cu72tQloUdoT57TRCGxBQjUBoSeLDzGfsojWPcTJr54J/SmZ9smnDDEu2iEBP3gTmL01+lPuNPXTLJXWyGnSUs7GhxW8F8nbaIwaQsDwSaK+4Ob+u65M+P9tj7XVSxWfTP+qDqmgttk4krGJHAOM7RmD+0sQVPsPYSSckVDhm1AVDPp8od2EYLYbAGpYWYYQTwUjXVXQ8zI9ogf0s1WhkhFmqmuZi6UXCKhZ5jOsYgVA4cT1nxmNkUMk/fJoRHncMhuaGcEuoeYB1dy8U6Z7NufEjWrNSMllZ8THT5hHd4+SUf0hYTpGEHdcJBCOJuTToFkpWJa4P7tyA6V8ee6PDOXN6W0LC0ju+2noXrOsO0W2gdVKoT20nxb6X112aUtsH99QjYbnHGiM5RCAYTi7kBnuIkpXy78JSkYrdDmHxhBkkLE+EWR8ng5HupYbBv6NDsrKiYqaNR/WJTuE9QcIqPGOM4BABKsP1VYOzRofMFd2MEGJv6/KKXxRdiEICsK1BoWB5WSo9DYzSrCqsEwNusm/q5I8bvii/BuAGJIxRVAK8tj65mjaELiyqCocHp7Ow/jMerbiczFL1L/zYJYBbQruk0K4IBJYZlKwe0i5ZMTbA0uYCAopkleVVhVvCLIGhuTsEZs/e6iufOGM9JSv9KiYLc3G8KfArd0jqNQoSll7x1MIbqxpzeWDiFjp/Xb/TOAVbF48GHtQiUEVwAgmrCNAx5OkJvFON+TFKVtefvpWy32xtjq66R1n1EghHwpIgCJDwNoGZCzrPGnvOWT+mJ0H6HRssxOaejl3zGFtmIt65E0DCyp0dejpIwKrGzA3/k5SsJjloVhJTIt4cXU2L7EhW+QYECStfguifN4H5i5IV3OA/oX1Wn8jbmGQGaHPoA/Fo5b0kC08EHYgNtjU4ABEmcidw2/2d1b4y9pyOyYoJczklK2v/GJJV7pfIKT2xcfQUHPjFTQJUhmuc31eymwr0XeTmuG6MRS81fzPeUPkVN8by0hi4JfRStCXydW5d1wf8hu9ZOm9BqmrMjiAyzfp4LBB1xBaMnEIACesUHPjFDQJWNeZSn3iWxjrPjfHcHEOYYhElK3qVCD+FIICEVQiqsHlaAnfVH/7rEcJKVvwDp22k4Bf0bqCg9ZW747HKdQrKV0YyEpYyoVJf6Lxw10V+NngbeK763vzJA0pWGXoaGKRktfFPn+JfhSCAhFUIqrD5HgKhSPJimlVZpeOr3vOl2h+khcjMbYlVbVXbDTXUI2GpESelVVrVmGlx/RlKVkoVOD0jdMH6TS7mULJ6/Ixt0cARAnQN4QcECkcgFE5OomT1JL0bOKpwoxTBshAnqQDqTa2xqh1FGN2zQ2KG5dnQF97x2rquGcxgP6ZbQeWqMQ9PR/TS9zMpWbUP3w7fOk0ACctporA3SICqMc9k3GijX5QtcDpkKIXooZnVdZSsXhjye3xYUAJ4NaegeL1pvKau+xaqxvwY3Qpqlazo/ZoEzRanIVkV77pGwioeey1Hrg0n7jAM9gglK5WrMb83NoId4ilzSnO04uX3folP3CKAW0K3SHtgnGC4+7O0ZvV9epKj1f8IaY9VZyaVmbZ+RfVrHgij1C5qdWFJTVpzcVQs4l46cWEtuanVNUUb2P8vnRmYhGQlxwWs1cUlB1LvqaCagVQvkK+mhKXbNpmOlCkmbVh+bof3oiqnx0hYcsZFGVVWNWZKVNqdTECv2/zazKQmbYwF3lQmGB4QijUsDwS5UC7WRhKNdJbV0kLZL5Zdug3cN5Dun7GpadyhYmnAuEMTQMIamgs+HZ4Ap3cDv0PJ6ovDN1PvW9q68BLr671608oJtIUBP7IRwC2hbBGRXs/b1ZjpVRvtkhUT4oW+3sy0OJKVtFchZljShkY+YVY15tETZ2ygBfa58qnLTxHdBu6h28CZm9eMO56fJfQuJAEkrELS1cj2u9WY6TZQu2rMtMD+k6P9vTe3rZxwUqOQaekKEpaWYXXWqfnzXy/zBSp+qGU1ZiG2H+3onNPWdtGAs9RgrRAEkLAKQVUjm1Y1Zn/grO20w2q6Rm4NukIzq0c7fvbKHe3tU9K6+aarP0hYukbWAb+sasyGz/8UmbrCAXNSmaDXbTYc7dgVam+fk5FKGMQMSwAJa1g83v1ysBqzj1uH0/2DbhRo68JaKnB6D/mFAqeKBRfbGhQLmBtyrWrM/pFsD71no12yYqZYFW+ouBvJyo0ryfkxMMNynqnSFq1qzD5/iVWG62+VdmQI8bRm1UCVbb48xFf4SBECSFiKBMoNmTX3dU0wfL5naWZ1gRvjuTkGFTj9KiWrr7s5JsZyngASlvNMlbQYjHT/FWfiWXqR+YNKOjCMaFqoWkrJqmmYJvhKEQJIWIoEqpAy6Wnghww+WI35/YUcx23bdAtIDwPNhS2xwHfdHhvjFYYAElZhuCpjNbQk8WHmM3aTYK2qMZM/Jj0E/CwlqxZlggGhZySAhHVGRPo2qFna/THmYztpzUq/asymOS8eCzysb/S86RkSljfjzoL1XZcZQjxD7waO1gqBYCnaunBrvDGwTSu/4MwgASQsD14INUuTV9IGvCcpWZ2jk/u0uN7HhHkLJStrdz5+NCSAhKVhUIdzKRjpuoqSlVWNeeRw7dT7TpwQgs+iNStrPQ4/mhJAwtI0sEO5FaxP3mgIvpVeZNarwKkQxzIZcf365ZXPD+U3PtOHAF7N0SeWw3pClW1mU7L6oXbJioluk2dmrF8eQLIa9grQ40skLD3iOKwXwXDyLmqwhZKVbtWYj9Dry1NbG6pfHBYAvtSGAD3Rxo/OBGoj3QtoMfr7utUMpE2hB9IiM31DrOpVneMH304lgBnWqTy0+i0UTn6JZlVrdUtWtH/9dymeuhLJSqvL1ZYzmGHZwqReo9pwIsIMo0E95WdSLF7vT/Fpm5oqXj9TS3yvHwHMsPSLKQvVJ7+mZbIS7DcnM+YkJCsNL1qbLmFbg01QqjQLhRPLOeNLVNFrW6cQr6Yzqembl489YLsPGmpHALeE+oSU19Yn19CG0C/o49LbntCRC3tPpE5etWXF+CO6+QZ/siOAW8LseEnaeplBpeOb9UxW7MVMH5uKZCXppeeyLNwSugzc6eEmT97jn3jZxRtoqny707aLb088L8z09etXjTlWfC1QIAMBJCwZopCjhtmzXx1Rfv74LZSsbs7RhLzdBNt9MHFy1hPrxp+QVySUuU0ACctt4g6NN1iNeVzlY5SsrnPIpDRmaM3qqc7jRz79zLoL+qURBSFSEEDCkiIM2Ym4c8mBs30lpdspWU3Lrqf8rSlZPfZKouO2l9ddmpJfLRS6TQCL7m4Tz3O8uQu7ykf4S39CWxf0S1aMPUzVmD+DZJXnRaJxd8ywFAru7ZHuSjrEage9bvNxhWTblCri8YbVCxhbRmex4wcEhiaAhDU0F+k+rVn4hzEGE7volNC/l05c3oLEd5sbKheSGXpPGz8gcHoCSFinZyPNN3csOvw+Y6R/N90G6leN2TSbqFjEUmlgQ4jUBJCwpA4PY4PVmEf4nqMF9vMll5q1PCob+E1KVl/JuiM6eJYAEpbEoR+sxsyFlaz+UmKZOUmjAqdfjkcDGp4mkRMOdLJJAAnLJii3m82//8iFVI2ZCipwraoxWxxNJha3RAOr3GaK8dQngIQlYQznhxN/5+eD1ZjHSigvZ0lW6Xgqw3UPVbZZm7MRdPQ0ASQsycJPRxpfIjjbSbICkknLSw4lqwzjIkS3gRvyMoTOniaAjaMShb8m3PUperL/LK1ZaZWsCHGas8zceEMlkpVE15uKUuhvAz8yEKiNJCfThtAnaM1Kt2rMA6Yp5rTGKrfLwBka1CaAGZYE8aOZ1dUk42ndkhUVizjJRGYWkpUEF5kmEjDDKnIga8LJWYbBt1IgRhRZiqPD00vMx4XJZrY0Vu5x1DCMeZoAFt2LGP7aSNdn6FWbH5AEreJAjwKPmsK8trWx6oUi4sXQGhLALWGRgkqVbeYJ5ttMw2uWrFhCZNLTWmNIVkW6tLQeFreERQgvVbb5HOPG9/QrcMoOsbQ5o7kpsK8IWDGkBwhghuVykIP1yUXcMDQsHS86mZmejGTl8gXlseGQsFwMeDCc+LLB+EoXh3RnKCHeTGcGJjU3Vv/anQExilcJ4JbQpcjTmtU36HiYf3ZpODeH6aCNVlM3xgJvujkoxvImAa0WfGUNYSicXEHJ6j5Z9eWh6zUzk5q2sXFMZx420BUEbBPADMs2qpwa8lB993cJ8j059Za4E21d2DeQ6p+xqWncIYllQppmBLCGVbCALjOC4WRcz2TFXmJ9vVOQrAp28cDwaQhghnUaMPl8/E415k0E99Z87EjZV4gXeoS4ri0W6JFSH0RpTQBrWA6H951qzI9SsvpHh00X3Ry9btN+9GhqZtuDY3uLLgYCPEkACcvBsL9TjXkbJatrHTQri6kdR/t7b2p7cMJJWQRBh/cIIGE5FHOrGrPfX/o4HREz1SGT0pihmdXjRzs6Z7e1XTQgjSgI8SQBJCwHwj5YjbnEsI6HudwBc7KZ2Nrxs1fmtrdPScsmDHq8RwBPCfOMeWjxW4Gyc3x0SqiGyUqIjT37d96OZJXnRYLujhHADCsPlFbpeDrS2CrDpV01ZirBvDYerbT2j6Eacx7XCLo6SwAzrBx5zl781sizmHiSa1g6ntasVscbKu4mNEhWOV4f6FYYAkhYOXItLz3ne3T4HhWN0OvHZCxKM6tFenkFb3QhgISVQyTpPKvbaWY1L4euUncRpvhqS0NFvdQiIc7TBGj5BT/ZEJi/KFnhL+P/Q9sX9CpyythSug1syoYF2oKA2wSw6J4lcV8Zr9MpWQ1WY2bmvVTg9IEsUaA5CLhOADOsLJDPDidGlxv8TdrCUJ5FN5mbmmaGLWhprIjLLBLaQOBdAphhvUvCxn9Hc+Mz1EyLZGWVjhfMnNfSGLAKYeAHBJQggISVTZi4uJ12s2fTQ862gqVov8JtLdHAY3IKhCoQGJqABn99Qzvm9KfWu4Kl/rIk5asSp227ak+w/gw3b2ltCDzp6rgYDAQcIIAZlk2Ipf7SjyufrJg4YTI+i5LVbptuoxkISEUACctmOEwmLqSKNzZby9eMdq8fo33rN7TEKn4qnzooAgF7BJCw7HFiBjcm2GwqXTM6f73b5JlrWqPVL0onDoJAIAsCSFi2YYlRSi64C3aEXLyKktVe266iIQhISgCv5kgaGKdk0dNAbma4uveyToGAHS0IIGHZDiM/ZrupRA0pVVUZfvHs/LquT0okC1JAICcCSFh2sZnm7+w2la0d7cyv8BnGTiroOkk2bdADAtkQQMKyScsU/DWbTaVsRqdLjOIGe6a2rmuGlAIhCgRsEEDCsgHp7Sbpl+i/ip9rzs9ihu+JmvrEDbbdRkMQkIgAEpbNYLQ0jqF9TOLnNpvL24yzUp8wttXUdd8ir0goA4GhCSBhDc1l6E85e3ToLxT7lF4vMgz2SDCSmKuYcsj1OAEkrCwugExv3xbaJtCXRRdpm9LTQx9tht0YDHd/VlqREAYCf0YACevPgAz3a+ua9x2m11tahmuj2HcGJa61oUjii4rphlyPEkDCyjLwwkx9a/C9vCz7ydqcEhY9QDTWhCLdYVk1QhcIvEsACetdEjb/S4vvnTTL+orN5so0o8QVpX1a/6KMYAj1JAG8spFb2HkoktxOU5OZuXWXtxedRBqLRysi8iqEMi8TwAwrt+iLo0LcSbeG2r1QTDOtcDCSXJ0bFvQCgcISQMLKkW9bLNCT4sdnUNL6rxxNSNuNVuLvDdUn1pFAzMCljZI3heGCzDPuocVvBVjZqB0E8tI8TcnXXYiNPR27gm1tczLyiYMiLxJAwnIg6nMXdpWXnWM8TQ/cLnfAnGwmtu7t2n/Hy+suTckmDHq8RwAJy6GYW0UqRpSUbqekNc0hk9KYodvexzuPH5nzzJoL+qURBSGeJICE5WDY589/vcw3rvIxWri+zkGzspja0dN37Ka2lRNOyiIIOrxHAAnL4ZhfsuClko9WTXyEZlo3O2y66OZoptV+9GhqZtuDY3uLLgYCPEkATwkdDru11nN0/645dLKDdhWVad/Z5PLyETtnhxOjHcYGcyBgiwBmWLYw5dJomRGKfGkt/ZHX5tJb6j6CvSz6j10VXzkhIbVOiNOOABJWYUPKa+utTZh8YWGHKYJ1IX7Zn+6fvqlp3KEijI4hPUoACcuFwNOLxVFrB7kLQ7k9xGtmJjVt8P1Kt0fGeJ4kgDUsF8I++G6eEF9zYSi3h7jQ8JX8NHR/8i/dHhjjeZMAZlguxj1U372EgC93cUh3hhLiTcFS0+LRsfvdGRCjeJUAEpbLkafD8j7PmPEA3SJqxl78gWUy05obq3/tMlIM5yECmv3RqBE5WoivoYX4ZlKr1S05HR99mKfM6c1NgX1qRAIqVSOAhFWkiIXCiVu5YWyi4f1FklCQYSlpJUQmdTUtxFtl0fADAo4SQMJyFGd2xmrCyVmGwbdSEEZk11Pu1oKJo4yJ6+INgf+QWynUqUZAq1sS1eC3xiq3m2bmRtoVr9X7ebQ8V84E3xGsS05RLSbQKzcBJKwix6c1VrWDJNDL0kKr9/Noh//ZVPvwqVCk65oiI8bwGhFAwpIgmM3RynaTmVfRTKtHAjnOSeB8JOO+7datr3NGYcnLBLCGJVH0a5Z2f8zwsZ205aFKIllOSEkzkbmjOVqlR+VsJ4jARk4EMMPKCVthOrUur/gFS5uT6UnbwcKMUDSrfsF8m0P1yXlFU4CBtSCAhCVZGONNgV+lWGoS3R7+TjJpecmhWaOPFuJbaTvH5/IyhM6eJoCEJWH4NzaM+U2asStoIf51CeXlLMna3U97z74frE8uytkIOnqaABKWpOFfH618Y6AvcwUVNv0fSSXmLMtgfCW9olSfswF09CwBJCyJQ79xZfXv+cn+K+n28JcSy8xJGk21vk1rWl/LqTM6eZYAnhIqEHqr9iEvHbWTXpe+RAG5WUk0hVjREq1cklUnNPYsASQsRUJvnaM+mvOnaRXoU4pIti2TbnsfpDPDvkgd6AEpfkDg9ARwS3h6NlJ90xYL9NCRxFfRe3p7pBLmgBhajP98KJKk0yuW4Xp0gKfOJjDDUiy679Q+3EZ/5NcqJv2Mcml69XDHf+6d194+hR6S4gcE3ksACeu9TKT/ZPbsV0eMnjj+Ebo9vEl6sVkKpBnktle6Om61yqVl2RXNPUAACUvRIE+evMd//icv3kgL8bcp6sJpZVPB1qcyB7pvWb/+vL7TNsIXniSAhKV02AdrHz5EJyMElXZjKPGC7T6YODHriXXjTwz1NT7zJgEkLPXjzmnB+juUtKynbJr9iOfNTPp6Or30mGaOwZ0cCeCpTI7gJOom4tHKhUyY+lXjYfwK7ivZPX9RskIi3pBSRAJIWEWE7+TQzdFAHS1Yf91JmzLYoluAf/CPZHtuu7+zWgY90FBcArglLC5/x0cPRrqXGpw1Om642AaFeDWdSU1fv3zsgWJLwfjFI4CEVTz2BRuZXiym9SyD1rX0qn1IO+J/22dmpm5urNLq6J2CXQgaGkbC0jColku0EB+khfiH6J9a3fbTloc3BtJ86qamCq2O3tH0MnTcLSQsx5HKY7AmkrjNx42NpEir2ofW4YYDPD3NOjdMHtpQ4gYBJCw3KBdxjGAkeRPNtB6hQOtV+1CwA2mRmb4hVvVqEfFiaJcJIGG5DLwYwwXDiWvppM9tFOyyYoxfsDEFO0JPRq+ibR17CzYGDEtFAAlLqnAUToxV1JQb7AmabZ1duFHct0wJq9tkmWtaG6pfdH90jOg2ASQst4kXcbyacNenaE3LOlNrdBFlOD40LcQfo5O0bojHKn/quHEYlIoAEpZU4Si8mNpI9yWCU+1DxgKFH83NEcQJU/BZLdGK3W6OirHcJaDVI2930ak5WnO04uWMqWPtQ34WXcxPUhmx69WMDFTbIYCEZYeSZm3WxwK/FJnUlXQi8e+1co2zUipu8SPa7f9prfyCM38kgFvCP6Lw3j/uXNJ93gi/eI4W4j+ok/e0Iz4jmDmvJRrYrJNf8EWzXdAIaHYErN3ifaZ5BS1Ya7UBk15J8hm0YTZY1x3Kjghay04At4SyR6jA+gbfyzvZP4m2B/yqwEO5bZ5yFnuI9qB9we2BMV7hCCBhFY6tMpabV597MMWOT6Y1rV8oI9qGUOvlb8MwHgjVd6PuoQ1eKjTBGpYKUXJJo1X7sJwbz9Af+mUuDeneMEL8S3O08hvuDYiRCkEACasQVBW2Ofvzh84pLy+xdsRPVtiNIaWbjEVbGirqh/wSHypBALeESoTJPZFtD47tPdrfex2NuMO9Ud0ZiS72CB27s8qd0TBKIQhghlUIqhrYfKf24VZ6jWeWBu6c4gIVbF0bb6i4hz6kf+JHJQJIWCpFy2WtVu3DiZddvIkukltdHrrwwwmxsadjV7CtbU6m8INhBKcI+JwyBDv6EXjjjQ3m3n8v+9FHL//EX9Ca1sVaecj535cFJl5Y7r/6x5afWvmmsTOYYWkcXAddo9qH3Q/Q08PPO2hTDlNCbO/p6JzT1nbRgByCoGI4AkhYw9HBd6cQoBeLl9PGJh33NO3o6Tt2U9vKCSdPcRi/SEcATwmlC4m8guKxwFJTCB33Ml1dXnrO09aWDnnpQ5lFADMsXAdZE6DbwzDdHkaz7ih7ByFe6BHiurZYoEd2qV7Vh4Tl1cjn6XcwnFxIC/Grrddf8jQlVXfa5/AS6zt2dXzlhIRUwiBmkIBWFxti6i4BmmnVUsJaS6NqtbRAL4LvG0j1z9jUNO6Qu0Qx2pkIIGGdiRC+H5ZAMJKYy5mxgRKXbltkXjMzqWktjWM6hwWAL10lgITlKm49B6utS97MDP4I3RyWaOZhx4BpTt0YC7ypmV/KuqPVVF7ZKCguvLmxchvj5j/S+k+f4q78ufyJIzh/ft7SgxP//Av8XhwCmGEVh7uWo4bquqcxQ2ynxXi9ah8K0ZlJZaatX1H9mpaBU8gpJCyFgqWC1FB94nLaLfM0PTwsV0GvbY2CHWJpc0ZzU2Cf7T5o6DgBJCzHkcJgsO7wpdxXsoMuLq1qH9Itb4KqDV1NC/EvIcrFIYCEVRzu2o9auyTxEeY3dtFC/FitnBWiJyPM61pjVS9o5ZciziBhKRIoFWXOv//Ihb4S37O0pjVeRf2n0yyEOC5MNrOlsXLP6drg88IQwFPCwnCFVSJgLVILxq+gjZj/pxMQ66GCYbCnQpGua3TySwVfkLBUiJLCGluiFf9r9ptXUHHT3yrsxnulcz6Scd/2mnBSuxNZ3+usPJ8gYckTC22VtP5r1VuZzMAkJsSrOjlJ6ykjqGLrD4Phrjk6+SWzL0hYMkdHI23rl489cDx1cjKt/+zVyC3LFT/nvofpZfC7NPNLSneQsKQMi56itqwYfyTTx6bS7eGLOnlovUdJ61rr6YDDz+nkl4y+4CmhjFHRXJN1UN7o0SVP0gbTK3VzVZhiUTxWuVo3v2TxBzMsWSLhIR1W7cOevt5raaa1Uze3ucFX1YYTEd38ksUfJCxZIuExHdb56Z3HD99Ia1qPa+e6YTQEI8mva+eXBA7hllCCIHhZglX78PzLLt5MDLR70iZMs8k6B9/L8XXad8ywnCYKe1kRaG+fku7Zv/N2mmltyKqjAo2tCkO19ckHSComBg7FCyAdAgkzeRPgtZHuB+lP++68LUlnQMSbG1YvYGwZCrbmGRskrDwBoruzBELh5ApauL7PWasSWBNic0/HrnltbXMyEqhRVgISlrKh01d4qD75DTpP659185Deqdx2dH/nbagynXtkkbByZ4eeBSQQiiTqOTe+XcAhimV6x+97D896Zs0F/cUSoPK4WHRXOXoaa49HAw3WJkwNXbz6/WdXxzX0yxWXkLBcwYxBciEwuGNcMOt1F70WqzmfSzPIL+bCxOt9cEvo9StAAf9p5/gdghvrdap9aB0CSKvvH14frXxDgRBIIxEzLGlCASGnI9AcC/zANNmtTLDU6dqo9rl1CCBVnv26arqLrRczrGJHAOPbJlBTn7jBJ4wf0l6tUtud5G5omoJdYB1yKLdMedRhhiVPLKDkDARaGwJP0mLWDYyJE2doqsrXBueiRhWxMuhEwpIhCtBgmwDNRnan0+IaWgM6ZruTzA0Fny2zPNm0IWHJFhHoOSOB9csDzzMzM53WtJJnbCx5A3qQ8KGa+7omSC5TGnlIWNKEAkKyIRBvrP65KcQUKm56OJt+UrYtMT4mpS4JRSFhSRgUSLJHoCVW+V88k76Sbg877fWQs5XB+IfkVCafKiQs+WICRVkQaG6s/nX67Yo8b2bRTaqmnJvVUgmSWAwSlsTBgTR7BDYsP7djQAir9uF+ez3kaiWYcbZciuRVg4Qlb2ygLAsCG2OBN/v7UpPoRIT/zqKbJE0FXoS2GQkkLJug0Ex+Aj9YNeYPZm/fZNqn9Yr8av+kkHZvH/3Tb/jXcASQsIajg++UI9C65n2HTwg+lZ4e/lwV8bQZ9g1VtBZbJxJWsSOA8R0n8HC0Iikyqek003receMFMGia5msFMKulSSQsLcMKp1oaxxw72HXyGppp7ZKZBunrO/76gV/IrFEmbUhYMkUDWhwl8MS68Sc6ew/PZEJQlWlJfwT7KY5Mth8bJCz7rNBSQQLWUcR7Ex0305aHNhnlC5NtlVGXrJqQsGSNDHQ5RuDldZemjnbsvI12xG9yzKgDhmgLRvex3oFHHTDlGRM4D8szoYajRICH6ru/Rxe9deyyDD/fbm6o+CcZhKiiATMsVSIFnU4QEPGGiruZKVY5YSwfG7TYfvBkbyaWjw0v9kXC8mLUPe5zc6xyMSEoagkxYWbu3bymChtGs7wWkbCyBIbmehAYvBUTZlGKtQpmPtQSq8Jiew6XEhJWDtDQRQ8CzdHAt2gh/j43vaGnlTtf6frfL7g5pk5jIWHpFE34kjWBeLRyJSWRz1LHdNads++wYyDdd7P11DL7ruhhEcBTQlwHIEAEgpHu6fR/7y30F1GQs6ms20BrZoVkld/lhoSVHz/01ojAHYsOv6+0rCRO56xf65RbNHvrMpm5sDUa2OKUTS/bQcLycvTh+5AEgpHkTZzxb1Hi+pshG9j5ULB+2hj6UIofX7ax4QNddrqgzZkJIGGdmRFaeJLAMiNU96UbmcGCVKXZmnH57WCgGdV+endxU39/+iHrfC47fdDGPgEkLPus0NKjBIJ1h0cJn+9KKhbxcSaoYAQXY7ng59AMyjoptIc2gXbQ579KG6l/29gw5jcexQS3QQAEQAAEQAAEQAAEQAAEQAAEQAAEQAAEQAAEQAAEQAAEQAAEQAAEQAAEQAAEQAAEQAAEQAAEQAAEQAAEQAAEQAAEQAAEQAAEQAAEQAAEQAAEQAAEQAAEQAAEQAAEQAAEQAAEQAAEQAAEQAAEQAAEQAAEQAAEQAAEQAAEQAAEQAAEQAAEQAAEQAAEQAAEQAAEQAAEQAAEQEAzAv8PFfEv8BTv8JQAAAAASUVORK5CYII=\\"/>
</defs>
</svg>
"
        />
      </View>
      <Text
        style={
          Object {
            "alignSelf": "center",
            "color": "#FFF",
            "fontFamily": "IBMPlexSans-Medium",
            "fontSize": 26,
            "paddingHorizontal": 20,
            "position": "absolute",
            "textAlign": "center",
            "width": "100%",
          }
        }
      >
        Legal
      </Text>
    </View>
    <RCTScrollView
      contentContainerStyle={
        Object {
          "backgroundColor": "#F7F8FF",
          "flex": 1,
          "flexDirection": "column",
          "paddingHorizontal": 26,
          "width": "100%",
        }
      }
    >
      <View>
        <View
          style={
            Object {
              "flex": 4,
            }
          }
        >
          <View
            style={
              Array [
                Object {
                  "flex": 1,
                  "overflow": "hidden",
                },
                undefined,
              ]
            }
          >
            <RNCWebView
              cacheEnabled={true}
              javaScriptEnabled={true}
              messagingEnabled={false}
              source={
                Object {
                  "html": "<html><style>  html, body { font-size: 40px; margin: 0; padding: 0; } </style><body><H2>COVID Safe Paths</H2><P>MIT License<br/><br/>Copyright (c) 2020 TripleBlind, Inc<br/><br/>Permission is hereby granted, free of charge, to any person obtaining a copy of this software and associated documentation files (the \\"Software\\"), to deal in the Software without restriction, including without limitation the rights to use, copy, modify, merge, publish, distribute, sublicense, and/or sell copies of the Software, and to permit persons to whom the Software is furnished to do so, subject to the following conditions:<br/><br/>The above copyright notice and this permission notice shall be included in all copies or substantial portions of the Software.<br/><br/>THE SOFTWARE IS PROVIDED \\"AS IS\\", WITHOUT WARRANTY OF ANY KIND, EXPRESS OR IMPLIED, INCLUDING BUT NOT LIMITED TO THE WARRANTIES OF MERCHANTABILITY, FITNESS FOR A PARTICULAR PURPOSE AND NONINFRINGEMENT. IN NO EVENT SHALL THE AUTHORS OR COPYRIGHT HOLDERS BE LIABLE FOR ANY CLAIM, DAMAGES OR OTHER LIABILITY, WHETHER IN AN ACTION OF CONTRACT, TORT OR OTHERWISE, ARISING FROM, OUT OF OR IN CONNECTION WITH THE SOFTWARE OR THE USE OR OTHER DEALINGS IN THE SOFTWARE.<hr/></body></html>",
                }
              }
              style={
                Array [
                  Object {
                    "flex": 1,
                    "overflow": "hidden",
                  },
                  Object {
                    "backgroundColor": "#ffffff",
                  },
                  Object {
                    "backgroundColor": "#F7F8FF",
                    "marginTop": 15,
                  },
                ]
              }
              useSharedProcessPool={true}
            />
          </View>
        </View>
      </View>
    </RCTScrollView>
    <View
      accessible={true}
      focusable={true}
      isTVSelectable={true}
      style={
        Object {
          "backgroundColor": "#BEBEBE",
          "flexDirection": "row",
          "justifyContent": "space-between",
          "opacity": 1,
        }
      }
    >
      <View
        style={
          Object {
            "alignContent": "flex-end",
            "flexDirection": "column",
            "justifyContent": "space-between",
            "padding": 15,
          }
        }
      >
        <Text
          style={
            Object {
              "color": "#E5E4E6",
              "fontFamily": "IBMPlexSans-Bold",
              "fontSize": 20,
              "textAlign": "left",
            }
          }
        >
          Terms of use
        </Text>
      </View>
      <View
        style={
          Object {
            "alignSelf": "center",
            "paddingRight": 20,
          }
        }
      >
        <Image
          source={
            Object {
              "testUri": "../../../app/assets/images/foreArrow.png",
            }
          }
        />
      </View>
    </View>
  </RCTSafeAreaView>
</View>
`;
